nohup: ignoring input
Found 30353 unique pairs to compare.

Generating MDX for Auth0 vs Clerk...
export const metadata = {
  title: "Auth0 vs Clerk: Which is the Best Authentication?",
  description: "An in-depth, technical comparison of Auth0 and Clerk. We break down pricing, features, API limits, and architecture to help you choose the best Authentication.",
  keywords: "Auth0 vs Clerk, Auth0 alternatives, Clerk alternatives, Authentication comparison"
};

# Auth0 vs Clerk: The Ultimate Comparison

> **TL;DR:** Auth0 wins for enterprise-grade security and compliance, while Clerk dominates for developer experience and rapid B2C deployment.

## At a Glance Comparison

| Feature/Spec | **Auth0** | **Clerk** |
| :--- | :--- | :--- |
| **Starting Price** | $0/month | Free for up to 50,000 monthly retained users; Pro plans start at $20/month billed annually. |
| **Best For** | Enterprise security & compliance | Developer-first B2C apps |
| **Core Strength** | Universal SSO & MFA | Complete user management |

## Deep Dive: Auth0
Auth0 delivers enterprise-grade authentication with Universal Login that supports 7,000+ identity providers and seamless Single Sign-On across applications. Its Actions framework enables custom workflows and integrations, while the Token Vault provides centralized token management for microservices architectures. Built for scale, Auth0 handles billions of logins monthly and offers advanced features like breached password detection and machine-to-machine authentication for API security.

### Standout Features of Auth0
- **Universal Login**: Customizable hosted login pages with 7,000+ identity provider integrations
- **Actions Framework**: Serverless extensibility for custom authentication workflows and integrations
- **Token Vault**: Centralized JWT management and refresh token rotation for microservices

## Deep Dive: Clerk
Clerk provides a complete user management platform with built-in UI components that eliminate frontend authentication complexity. Its 50,000 MRU free tier and unlimited applications make it ideal for startups and growing B2C products. The platform includes advanced security features like bot protection, account lockout, and comprehensive session management, all accessible through intuitive APIs and webhooks for real-time event handling.

### Standout Features of Clerk
- **Pre-built UI Components**: Ready-to-use sign-up, sign-in, and profile management components
- **50K MRU Free Tier**: Generous free allowance with unlimited applications per account
- **Comprehensive Security**: Bot protection, account lockout, and multi-factor authentication out-of-the-box

## The Final Verdict
**Choose Auth0 if...**
- You need enterprise-grade SSO and compliance certifications
- Your architecture requires advanced token management and microservices support
- You're handling sensitive data and need breached password detection

**Choose Clerk if...**
- You want the fastest path to production with pre-built UI components
- You're building a B2C application with rapid user growth
- You need comprehensive user management without complex configuration
✅ Successfully saved auth0-vs-clerk/page.mdx
Waiting 3 seconds before the next pair...

Generating MDX for Auth0 vs Stytch...
export const metadata = {
  title: "Auth0 vs Stytch: Which is the Best Authentication?",
  description: "An in-depth, technical comparison of Auth0 and Stytch. We break down pricing, features, API limits, and architecture to help you choose the best Authentication.",
  keywords: "Auth0 vs Stytch, Auth0 alternatives, Stytch alternatives, Authentication comparison"
};

# Auth0 vs Stytch: The Ultimate Comparison

> **TL;DR:** Auth0 wins for rapid implementation and flexibility, while Stytch dominates for enterprise-grade security and advanced fraud prevention.

## At a Glance Comparison

| Feature/Spec | **Auth0** | **Stytch** |
| :--- | :--- | :--- |
| **Starting Price** | $0/month | $0 /Month |
| **Best For** | Quick, flexible auth | Enterprise security |
| **Core Strength** | Developer adaptability | Fraud prevention |

## Deep Dive: Auth0
Auth0 delivers a highly adaptable authentication platform built for developers who need flexibility without sacrificing security. Its Universal Login and Actions framework allow deep customization while maintaining enterprise-grade standards. The platform excels at handling complex authentication flows across web, mobile, and API environments with minimal friction.

The architecture shines for teams building consumer-facing applications or B2B SaaS products that require rapid iteration. Auth0's Machine to Machine capabilities and Token Vault make it ideal for microservice architectures, while its breach password detection adds an extra layer of security without complicating the user experience.

### Standout Features of Auth0
- **Universal Login**: Customizable hosted login pages that reduce implementation complexity
- **Actions**: Serverless extensibility for custom authentication logic and workflows
- **Machine to Machine**: Native support for service-to-service authentication in distributed systems

## Deep Dive: Stytch
Stytch takes a security-first approach with enterprise-grade authentication built on modern infrastructure. Its organization-level authentication policies and SCIM provisioning make it perfect for businesses managing complex user hierarchies. The platform's device-aware MFA and intelligent rate limiting provide sophisticated defense against evolving security threats.

The architecture targets organizations that prioritize security compliance and fraud prevention over rapid prototyping. Stytch's built-in multi-tenancy and just-in-time provisioning controls excel in enterprise environments where user management complexity scales with organizational growth.

### Standout Features of Stytch
- **Organization-level Policies**: Granular control over authentication requirements per team or department
- **SCIM Provisioning**: Automated user lifecycle management with HR system integration
- **Device-aware MFA**: Context-aware multifactor authentication that adapts to risk levels

## The Final Verdict
Choose Auth0 if you need rapid implementation, developer flexibility, and a platform that adapts to your specific authentication requirements without heavy infrastructure overhead.

Choose Stytch if you require enterprise-grade security, advanced fraud prevention, and sophisticated user management controls for regulated industries or large-scale deployments.
✅ Successfully saved auth0-vs-stytch/page.mdx
Waiting 3 seconds before the next pair...

Generating MDX for Auth0 vs Kinde...
export const metadata = {
  title: "Auth0 vs Kinde: Which is the Best Authentication?",
  description: "An in-depth, technical comparison of Auth0 and Kinde. We break down pricing, features, API limits, and architecture to help you choose the best Authentication.",
  keywords: "Auth0 vs Kinde, Auth0 alternatives, Kinde alternatives, Authentication comparison"
};

# Auth0 vs Kinde: The Ultimate Comparison

> **TL;DR:** Auth0 wins for pure authentication at scale, while Kinde dominates for all-in-one SaaS platform management.

## At a Glance Comparison

| Feature/Spec | **Auth0** | **Kinde** |
| :--- | :--- | :--- |
| **Starting Price** | $0/month | $25 USD per month |
| **Best For** | Enterprise authentication | Full-stack SaaS platform |
| **Core Strength** | Identity & security | All-in-one SaaS toolkit |

## Deep Dive: Auth0

Auth0 delivers enterprise-grade authentication with a laser focus on security and scalability. Built for developers who need robust identity management without the overhead of a full platform, Auth0's architecture excels at handling complex authentication flows, machine-to-machine communication, and advanced security features like breached password detection and token vaulting. Its universal login and SSO capabilities make it ideal for organizations with multiple applications requiring centralized identity management.

The platform's strength lies in its extensibility through Actions, allowing developers to inject custom logic into authentication pipelines. Auth0's machine-to-machine capabilities and enterprise-grade MFA make it particularly suited for B2B SaaS companies with sophisticated security requirements and complex user hierarchies.

### Standout Features of Auth0
- **Actions**: Custom extensibility for authentication pipelines
- **Token Vault**: Secure storage and management of API tokens
- **Breached Passwords**: Proactive security monitoring and protection

## Deep Dive: Kinde

Kinde positions itself as a comprehensive developer platform that goes beyond authentication to include billing, feature management, and access control. Its architecture is designed for startups and growing SaaS companies that want to consolidate multiple backend services into a single platform. Kinde's unified approach eliminates the need to integrate separate authentication, billing, and feature flag systems, reducing operational complexity and development overhead.

The platform shines with its integrated feature flags and billing management, allowing teams to control product access and monetization from a single dashboard. Kinde's page designer and custom domains make it particularly attractive for companies wanting to maintain brand consistency across their entire user experience, from signup to billing.

### Standout Features of Kinde
- **Feature Flags**: Built-in experimentation and rollout control
- **Billing Management**: Native subscription and payment handling
- **Page Designer**: Customizable UI components for consistent branding

## The Final Verdict

Choose Auth0 if you need enterprise-grade authentication with advanced security features, plan to scale to millions of users, or already have separate billing and feature management systems in place.

Choose Kinde if you're building a new SaaS product from scratch and want an all-in-one platform that handles authentication, billing, and feature management without stitching together multiple services.
✅ Successfully saved auth0-vs-kinde/page.mdx
Waiting 3 seconds before the next pair...

Generating MDX for Auth0 vs WorkOS...
export const metadata = {
  title: "Auth0 vs WorkOS: Which is the Best Authentication?",
  description: "An in-depth, technical comparison of Auth0 and WorkOS. We break down pricing, features, API limits, and architecture to help you choose the best Authentication.",
  keywords: "Auth0 vs WorkOS, Auth0 alternatives, WorkOS alternatives, Authentication comparison"
};

# Auth0 vs WorkOS: The Ultimate Comparison

> **TL;DR:** Auth0 wins for startups and SMBs seeking free, feature-rich authentication; WorkOS dominates enterprise SSO and directory sync.

## At a Glance Comparison

| Feature/Spec | **Auth0** | **WorkOS** |
| :--- | :--- | :--- |
| **Starting Price** | $0/month | Free for the first 1 million active users; $2500/month for each additional million. |
| **Best For** | Startups & SMBs | Enterprise SSO & Directory Sync |
| **Core Strength** | Universal authentication | Enterprise-ready features |

## Deep Dive: Auth0
Auth0 delivers a comprehensive authentication platform with universal login, MFA, and passwordless options out of the box. Its Actions framework enables custom logic during authentication flows, while the Token Vault simplifies JWT management. The platform excels at handling both human and machine-to-machine authentication scenarios with breach password detection built-in.

### Standout Features of Auth0
- **Universal Login**: Customizable hosted login pages with full branding control
- **Actions**: Serverless extensibility for custom authentication logic
- **Breached Passwords**: Real-time detection of compromised credentials

## Deep Dive: WorkOS
WorkOS positions itself as an enterprise enablement platform, focusing on SSO, directory sync, and audit logging to make applications enterprise-ready. The Admin Portal provides self-service configuration for enterprise customers, while AuthKit offers a unified authentication UI. Role-based access control and fine-grained authorization capabilities make it ideal for complex permission systems.

### Standout Features of WorkOS
- **Enterprise SSO**: SAML, OAuth2, and OIDC support for enterprise identity providers
- **Directory Sync**: Automated user provisioning from Active Directory and LDAP
- **Audit Logs**: Comprehensive compliance-ready logging for enterprise requirements

## The Final Verdict
**Choose Auth0 if:**
- You need a free, feature-rich authentication platform
- You're building a consumer-facing application or startup
- You want extensive customization through Actions

**Choose WorkOS if:**
- You're targeting enterprise customers with SSO requirements
- You need directory sync and automated user provisioning
- Compliance and audit logging are critical for your use case
✅ Successfully saved auth0-vs-workos/page.mdx
Waiting 3 seconds before the next pair...

Generating MDX for Auth0 vs Frontegg...
export const metadata = {
  title: "Auth0 vs Frontegg: Which is the Best Authentication?",
  description: "An in-depth, technical comparison of Auth0 and Frontegg. We break down pricing, features, API limits, and architecture to help you choose the best Authentication.",
  keywords: "Auth0 vs Frontegg, Auth0 alternatives, Frontegg alternatives, Authentication comparison"
};

# Auth0 vs Frontegg: The Ultimate Comparison

> **TL;DR:** **Auth0 wins for enterprise-grade identity with robust extensibility, while Frontegg dominates for SaaS teams needing in-app role management and tenant isolation.**

## At a Glance Comparison

| Feature/Spec | **Auth0** | **Frontegg** |
| :--- | :--- | :--- |
| **Starting Price** | $0/month | $0/month |
| **Best For** | Enterprise identity management | SaaS multi-tenant apps |
| **Core Strength** | Extensibility & standards compliance | In-app RBAC & tenant isolation |

## Deep Dive: Auth0
Auth0 is built for enterprises and complex identity ecosystems, offering Universal Login with customizable themes, SSO across thousands of apps, and Actions for workflow automation. Its token vault and breached password detection provide enterprise-grade security, while machine-to-machine authentication supports service-to-service communication. The platform excels at handling high-volume authentication across diverse user bases, with deep integration capabilities through its extensibility framework.

### Standout Features of Auth0
- **Actions**: Serverless extensibility for custom workflows and integrations
- **Token Vault**: Secure storage and management of sensitive credentials
- **Breached Passwords**: Real-time detection and blocking of compromised credentials

## Deep Dive: Frontegg
Frontegg is purpose-built for B2B SaaS applications, offering tenant-level role isolation and in-app roles components that embed directly into your UI. Its API access control and feature flags allow granular permission management at scale, while unlimited organizations support complex multi-tenant architectures. The platform includes advanced fraud protection and user impersonation for customer support scenarios, making it ideal for teams building collaborative SaaS products with sophisticated access control needs.

### Standout Features of Frontegg
- **In-app Roles Component**: Embed role management directly into your application UI
- **Tenant-level Roles**: Isolate permissions and data between different customer tenants
- **Feature Flags**: Control feature access per user or tenant without code changes

## The Final Verdict
Choose **Auth0** if you need enterprise-grade identity management, extensive third-party integrations, and standards-compliant authentication for complex organizational structures. Select **Frontegg** if you're building a B2B SaaS product requiring tenant isolation, in-app role management, and collaborative features with granular permission controls.
✅ Successfully saved auth0-vs-frontegg/page.mdx
Waiting 3 seconds before the next pair...

Generating MDX for Auth0 vs Ory...
export const metadata = {
  title: "Auth0 vs Ory: Which is the Best Authentication?",
  description: "An in-depth, technical comparison of Auth0 and Ory. We break down pricing, features, API limits, and architecture to help you choose the best Authentication.",
  keywords: "Auth0 vs Ory, Auth0 alternatives, Ory alternatives, Authentication comparison"
};

# Auth0 vs Ory: The Ultimate Comparison

> **TL;DR:** Auth0 wins for startups and small teams needing a free, quick-to-deploy auth solution. Ory dominates for enterprises requiring advanced security, multi-region deployments, and comprehensive IAM features.

## At a Glance Comparison

| Feature/Spec | **Auth0** | **Ory** |
| :--- | :--- | :--- |
| **Starting Price** | $0/month | $770/year |
| **Best For** | Quick, free auth setup | Enterprise-grade IAM |
| **Core Strength** | Universal Login & SSO | Advanced security & compliance |

## Deep Dive: Auth0
Auth0 delivers a developer-friendly authentication platform built for rapid implementation. Its Universal Login provides a seamless out-of-the-box experience, while Single Sign-On eliminates password fatigue across applications. The platform excels at quick deployment with pre-built integrations and extensive documentation, making it ideal for startups and small teams prioritizing speed-to-market over advanced security features.

The architecture centers on a cloud-native approach with automatic scaling and global CDN distribution. Auth0's Actions framework enables custom extensibility without managing infrastructure, while built-in features like Multifactor Authentication and Breached Password Detection provide essential security without complex configuration. Machine-to-Machine authentication supports API access patterns common in modern applications.

### Standout Features of Auth0
- **Universal Login**: Pre-built, customizable login pages that reduce development time
- **Actions**: Serverless extensibility for custom business logic during auth flows
- **Passwordless**: Email/SMS-based authentication eliminating password management

## Deep Dive: Ory
Ory provides a comprehensive IAM solution architected for enterprise security requirements and global scale. The platform delivers granular permission controls through its Fine Grained Permission API, while multi-region deployments with data residency ensure compliance across jurisdictions. Ory's modular design allows selective implementation of components, reducing complexity while maintaining enterprise-grade security.

The architecture emphasizes security-first principles with features like Brute Force Protection, DoS Protection, and Credentials Stuffing Protection built-in. Ory's Event Firehose enables real-time security analytics and integration with data lakes, while B2B SSO (OIDC only) supports complex enterprise identity federation. The platform's enterprise integrations for legacy systems and multi-tenancy capabilities make it suitable for large organizations with diverse authentication needs.

### Standout Features of Ory
- **Multi-region Deployments**: Global infrastructure with data residency compliance
- **Fine Grained Permission API**: Granular access control beyond basic roles
- **Enterprise Security Stack**: Comprehensive protection including DDoS, brute force, and credential stuffing defenses

## The Final Verdict
Choose Auth0 if you need a free, quick-to-deploy authentication solution with excellent documentation and developer experience for startups or small applications.

Choose Ory if you require enterprise-grade security, multi-region deployments, advanced compliance features, and comprehensive IAM capabilities for large-scale or regulated environments.
✅ Successfully saved auth0-vs-ory/page.mdx
Waiting 3 seconds before the next pair...

Generating MDX for Clerk vs Stytch...
```mdx
export const metadata = {
  title: "Clerk vs Stytch: Which is the Best Authentication?",
  description: "An in-depth, technical comparison of Clerk and Stytch. We break down pricing, features, API limits, and architecture to help you choose the best Authentication.",
  keywords: "Clerk vs Stytch, Clerk alternatives, Stytch alternatives, Authentication comparison"
};

# Clerk vs Stytch: The Ultimate Comparison

> **TL;DR:** **Clerk wins for rapid B2C integration** with generous free tier, while **Stytch dominates enterprise-grade B2B** with advanced RBAC and SCIM.

## At a Glance Comparison

| Feature/Spec | **Clerk** | **Stytch** |
| :--- | :--- | :--- |
| **Starting Price** | Free for up to 50,000 monthly retained users; Pro plans start at $20/month billed annually. | $0 /Month |
| **Best For** | B2C rapid deployment | Enterprise B2B security |
| **Core Strength** | Developer experience & UX polish | Advanced RBAC & compliance |

## Deep Dive: Clerk

Clerk delivers a **developer-first authentication platform** optimized for speed and user experience. Its architecture centers on pre-built UI components and comprehensive SDKs that enable teams to ship authentication in hours, not weeks. The platform excels at B2C scenarios where conversion rates matter, offering magic links, social auth, and passwordless flows out of the box. With 50,000 free MRUs and unlimited applications, it's particularly attractive for startups scaling their consumer products.

### Standout Features of Clerk

- **50,000 free monthly retained users** with unlimited applications—ideal for consumer apps
- **Pre-built, customizable UI components** that reduce frontend development time by 80%
- **Advanced security stack** including bot protection, account lockout, and device-aware MFA

## Deep Dive: Stytch

Stytch positions itself as an **enterprise-grade identity platform** built for complex organizational needs. Its architecture emphasizes granular access control with full RBAC implementation, SCIM provisioning, and domain-based JIT provisioning—features critical for B2B SaaS serving enterprise customers. The platform's multi-tenancy support and organization-level authentication policies make it the go-to choice for applications requiring sophisticated user management across multiple clients or departments.

### Standout Features of Stytch

- **Enterprise RBAC & SCIM provisioning** for complex organizational hierarchies
- **Domain-based JIT provisioning** enabling automated user creation from enterprise SSO
- **Device-aware MFA with intelligent rate limiting** for enterprise security compliance

## The Final Verdict

**Choose Clerk if:**
- You're building a B2C application and need to ship authentication fast
- Your primary concern is user experience and conversion optimization
- You want generous free tier limits (50,000 MRUs) while scaling

**Choose Stytch if:**
- You're building B2B SaaS for enterprise customers requiring advanced RBAC
- SCIM provisioning and compliance features are non-negotiable
- You need sophisticated multi-tenancy and domain-based user management
```
✅ Successfully saved clerk-vs-stytch/page.mdx
Waiting 3 seconds before the next pair...

Generating MDX for Clerk vs Kinde...
export const metadata = {
  title: "Clerk vs Kinde: Which is the Best Authentication?",
  description: "An in-depth, technical comparison of Clerk and Kinde. We break down pricing, features, API limits, and architecture to help you choose the best Authentication.",
  keywords: "Clerk vs Kinde, Clerk alternatives, Kinde alternatives, Authentication comparison"
};

# Clerk vs Kinde: The Ultimate Comparison

> **TL;DR:** Clerk wins for startups and developers needing a generous free tier and focused authentication; Kinde wins for SaaS teams wanting an all-in-one platform with billing and feature management.

## At a Glance Comparison

| Feature/Spec | **Clerk** | **Kinde** |
| :--- | :--- | :--- |
| **Starting Price** | Free for up to 50,000 monthly retained users; Pro plans start at $20/month billed annually. | $25 USD per month |
| **Best For** | Developer-first authentication | All-in-one SaaS platform |
| **Core Strength** | Generous free tier & focused auth | Billing & feature management |

## Deep Dive: Clerk
Clerk is purpose-built for authentication, offering a generous free tier that supports up to 50,000 monthly retained users. Its architecture is optimized for seamless integration, with pre-built UI components, extensive APIs, and robust security features like multi-factor authentication and bot protection. Clerk's modular design allows developers to pick and choose features, making it ideal for both B2C and B2B applications. The platform's focus on authentication ensures top-tier performance and reliability for user management.

### Standout Features of Clerk
- **50,000 MRU Free Tier**: No cost for up to 50,000 monthly retained users, perfect for scaling startups.
- **Advanced Security**: Multi-factor authentication, account lockout protection, and bot detection out of the box.
- **Customizable UI**: Pre-built components and themes that can be tailored to match your app's design.

## Deep Dive: Kinde
Kinde positions itself as a comprehensive SaaS platform, combining authentication with billing, feature management, and access control. Its architecture is designed to handle the full lifecycle of a SaaS product, from user sign-up to subscription management. Kinde's feature flags and billing integration make it a one-stop shop for teams looking to streamline their tech stack. While its pricing starts at $25/month, the all-in-one approach can reduce the need for multiple third-party tools.

### Standout Features of Kinde
- **Billing Integration**: Built-in billing management to monetize your SaaS product from day one.
- **Feature Flags**: Advanced feature management to control rollouts and experiments.
- **SSO & Enterprise**: Enterprise-grade single sign-on (SSO) for B2B applications.

## The Final Verdict
Choose **Clerk** if you're a startup or developer prioritizing a generous free tier, focused authentication, and seamless integration. Choose **Kinde** if you need an all-in-one platform with billing, feature management, and access control to power your SaaS product.
✅ Successfully saved clerk-vs-kinde/page.mdx
Waiting 3 seconds before the next pair...

Generating MDX for Clerk vs WorkOS...
export const metadata = {
  title: "Clerk vs WorkOS: Which is the Best Authentication?",
  description: "An in-depth, technical comparison of Clerk and WorkOS. We break down pricing, features, API limits, and architecture to help you choose the best Authentication.",
  keywords: "Clerk vs WorkOS, Clerk alternatives, WorkOS alternatives, Authentication comparison"
};

# Clerk vs WorkOS: The Ultimate Comparison

> **TL;DR:** Clerk dominates for B2C apps with generous free tiers, while WorkOS is the enterprise SSO powerhouse for B2B SaaS.

## At a Glance Comparison

| Feature/Spec | **Clerk** | **WorkOS** |
| :--- | :--- | :--- |
| **Starting Price** | Free for up to 50,000 monthly retained users; Pro plans start at $20/month billed annually. | Free for the first 1 million active users; $2500/month for each additional million. |
| **Best For** | B2C apps & startups | Enterprise B2B SaaS |
| **Core Strength** | User management & B2C features | Enterprise SSO & Directory Sync |

## Deep Dive: Clerk

Clerk is a developer-first authentication platform built for rapid B2C deployment. Its architecture centers on a complete user management system with built-in UI components, making it ideal for consumer-facing applications. The generous 50K MRU free tier and $20/month Pro plan provide exceptional value for startups and growing apps. Clerk's strength lies in its comprehensive feature set for user engagement: magic links, social authentication, SMS OTP, and bot protection are all standard. The platform excels at reducing time-to-market with pre-built flows and components that handle everything from sign-up to profile management.

### Standout Features of Clerk
- **50K MRU Free Tier**: Massive free allowance for startups and growing apps
- **Built-in UI Components**: Pre-built sign-in, sign-up, and profile management flows
- **Advanced Security**: Bot protection, account lockout, and multi-factor authentication out of the box

## Deep Dive: WorkOS

WorkOS is engineered specifically for enterprise B2B SaaS, focusing on making applications enterprise-ready with minimal integration effort. Its architecture prioritizes enterprise features like SSO, Directory Sync, and Audit Logging, with pricing structured for high-volume B2B applications. The platform's strength is its deep enterprise integrations—supporting SAML, OAuth, and OIDC for SSO across major identity providers. WorkOS's pricing model (free for 1M active users) is designed for B2B SaaS where a single enterprise customer might have hundreds or thousands of users. The platform also includes advanced features like Role-Based Access Control and Fine-Grained Authorization, essential for enterprise security compliance.

### Standout Features of WorkOS
- **Enterprise SSO**: SAML, OAuth, and OIDC support for all major identity providers
- **Directory Sync**: Automated user provisioning and deprovisioning
- **Audit Logging**: Comprehensive compliance-ready logging for enterprise requirements

## The Final Verdict

**Choose Clerk if:**
- You're building a B2C application or consumer-facing app
- You need generous free tiers and want to minimize authentication costs
- You want pre-built UI components and user management features

**Choose WorkOS if:**
- You're targeting enterprise B2B customers who require SSO
- You need Directory Sync and Audit Logging for compliance
- You expect high user volumes from enterprise accounts
✅ Successfully saved clerk-vs-workos/page.mdx
Waiting 3 seconds before the next pair...

Generating MDX for Clerk vs Frontegg...
export const metadata = {
  title: "Clerk vs Frontegg: Which is the Best Authentication?",
  description: "An in-depth, technical comparison of Clerk and Frontegg. We break down pricing, features, API limits, and architecture to help you choose the best Authentication.",
  keywords: "Clerk vs Frontegg, Clerk alternatives, Frontegg alternatives, Authentication comparison"
};

# Clerk vs Frontegg: The Ultimate Comparison

> **TL;DR:** Clerk dominates for scalable B2B apps with its generous free tier and enterprise-grade features, while Frontegg wins for low-code, rapid deployment with its generous free tier.

## At a Glance Comparison

| Feature/Spec | **Clerk** | **Frontegg** |
| :--- | :--- | :--- |
| **Starting Price** | Free for up to 50,000 monthly retained users; Pro plans start at $20/month billed annually. | $0/month |
| **Best For** | Scalable B2B authentication | Rapid low-code deployment |
| **Core Strength** | Enterprise-grade security & scalability | Multi-tenant SaaS platform |

## Deep Dive: Clerk

Clerk delivers a comprehensive authentication platform built for developers who need enterprise-grade security without compromising on user experience. Its architecture supports both B2C and B2B applications with advanced features like multi-factor authentication, social sign-on, and customizable session management. The generous free tier of 50,000 monthly retained users makes it ideal for startups and growing businesses, while the Pro plans offer advanced security features and priority support for enterprise needs.

The platform excels in providing a seamless developer experience with pre-built UI components, comprehensive APIs, and extensive documentation. Clerk's focus on security is evident through features like account lockout protection, bot protection, and advanced fraud prevention mechanisms. The ability to manage user metadata, implement webhooks, and customize authentication flows makes it a versatile choice for complex applications requiring sophisticated user management.

### Standout Features of Clerk
- **50K Free Users**: No-cost authentication for up to 50,000 monthly retained users
- **Enterprise Security**: MFA, bot protection, account lockout, and fraud prevention
- **Developer-First**: Comprehensive APIs, webhooks, and customizable UI components

## Deep Dive: Frontegg

Frontegg positions itself as a low-code CIAM (Customer Identity and Access Management) platform designed specifically for SaaS companies scaling their multi-tenant architecture. Its unique selling proposition lies in providing a complete identity solution that handles everything from authentication to role-based access control and feature flags. The platform's strength is in its ability to secure every entry point while maintaining a simple integration process for developers.

The architecture is built around the concept of tenant-level roles and in-app roles components, making it particularly powerful for B2B SaaS applications that need to manage complex organizational hierarchies. Frontegg's approach to identity extends beyond basic authentication to include feature management, API access control, and advanced fraud protection, all while maintaining a zero-cost entry point that's attractive for startups and small teams.

### Standout Features of Frontegg
- **Multi-Tenant Ready**: Built-in tenant-level roles and organization management
- **Feature Flags**: Integrated feature management within the authentication platform
- **Zero-Cost Entry**: Completely free tier with unlimited organizations

## The Final Verdict

**Choose Clerk if...**
- You need enterprise-grade security features and scalability
- Your application requires advanced authentication flows and custom session management
- You're building a B2B or B2C application that needs to handle 50K+ users cost-effectively

**Choose Frontegg if...**
- You're building a multi-tenant SaaS application requiring tenant-level role management
- You want integrated feature flags and API access control within your auth platform
- You need a completely free solution to get started with authentication and identity management
✅ Successfully saved clerk-vs-frontegg/page.mdx
Waiting 3 seconds before the next pair...

Generating MDX for Clerk vs Ory...
export const metadata = {
  title: "Clerk vs Ory: Which is the Best Authentication?",
  description: "An in-depth, technical comparison of Clerk and Ory. We break down pricing, features, API limits, and architecture to help you choose the best Authentication.",
  keywords: "Clerk vs Ory, Clerk alternatives, Ory alternatives, Authentication comparison"
};

# Clerk vs Ory: The Ultimate Comparison

> **TL;DR:** **Clerk wins for startups and SMBs** seeking a generous free tier and rapid development, while **Ory dominates enterprise** environments requiring advanced security, compliance, and multi-region deployments.

## At a Glance Comparison

| Feature/Spec | **Clerk** | **Ory** |
| :--- | :--- | :--- |
| **Starting Price** | Free for up to 50,000 monthly retained users; Pro plans start at $20/month billed annually. | $770/year |
| **Best For** | **Startups & SMBs** | **Enterprise & Regulated** |
| **Core Strength** | **Generous Free Tier** | **Enterprise Security** |

## Deep Dive: Clerk
Clerk